// Jest Snapshot v1, https://goo.gl/fbAQLP

exports[`Dispenser information renders correctly 1`] = `
<div
  className="MuiPaper-root MuiExpansionPanel-root MuiExpansionPanel-rounded MuiPaper-elevation1 MuiPaper-rounded"
>
  <div
    aria-disabled={false}
    aria-expanded={false}
    className="MuiButtonBase-root MuiExpansionPanelSummary-root"
    onBlur={[Function]}
    onClick={[Function]}
    onDragLeave={[Function]}
    onFocus={[Function]}
    onKeyDown={[Function]}
    onKeyUp={[Function]}
    onMouseDown={[Function]}
    onMouseLeave={[Function]}
    onMouseUp={[Function]}
    onTouchEnd={[Function]}
    onTouchMove={[Function]}
    onTouchStart={[Function]}
    role="button"
    tabIndex={0}
  >
    <div
      className="MuiExpansionPanelSummary-content makeStyles-expansionSummaryContent-390"
    >
      <h5
        className="MuiTypography-root MuiTypography-h5"
      >
        Dispenser0
      </h5>
      <span
        className="MuiTypography-root makeStyles-dispenserLabel-393 makeStyles-idle-395 MuiTypography-button"
      >
        IDLE
      </span>
    </div>
    <div
      aria-disabled={false}
      aria-hidden={true}
      className="MuiButtonBase-root MuiIconButton-root MuiExpansionPanelSummary-expandIcon MuiIconButton-edgeEnd"
      onBlur={[Function]}
      onDragLeave={[Function]}
      onFocus={[Function]}
      onKeyDown={[Function]}
      onKeyUp={[Function]}
      onMouseDown={[Function]}
      onMouseLeave={[Function]}
      onMouseUp={[Function]}
      onTouchEnd={[Function]}
      onTouchMove={[Function]}
      onTouchStart={[Function]}
      role={null}
      tabIndex={null}
    >
      <span
        className="MuiIconButton-label"
      >
        <svg
          aria-hidden="true"
          className="MuiSvgIcon-root"
          focusable="false"
          viewBox="0 0 24 24"
        >
          <path
            d="M16.59 8.59L12 13.17 7.41 8.59 6 10l6 6 6-6z"
          />
        </svg>
      </span>
    </div>
  </div>
  <div
    className="MuiCollapse-container MuiCollapse-hidden"
    style={
      Object {
        "minHeight": "0px",
      }
    }
  >
    <div
      className="MuiCollapse-wrapper"
    >
      <div
        className="MuiCollapse-wrapperInner"
      >
        <div
          role="region"
        >
          <div
            className="MuiExpansionPanelDetails-root makeStyles-expansionDetail-391"
          >
            <div
              className="makeStyles-expansionDetailLine-392"
            >
              <p
                className="MuiTypography-root MuiTypography-body1"
              >
                No. Queued Requests:
              </p>
              <p
                className="MuiTypography-root MuiTypography-body1"
              >
                0
              </p>
            </div>
            <hr
              className="MuiDivider-root"
            />
            <div
              className="makeStyles-expansionDetailLine-392"
            >
              <p
                className="MuiTypography-root MuiTypography-body1"
              >
                Request Queue ID:
              </p>
              <ul
                className="MuiList-root makeStyles-listRoot-394 MuiList-dense MuiList-padding"
              />
            </div>
            <hr
              className="MuiDivider-root"
            />
            <div
              className="makeStyles-expansionDetailLine-392"
            >
              <p
                className="MuiTypography-root MuiTypography-body1"
              >
                Seconds Remaining:
              </p>
              <p
                className="MuiTypography-root MuiTypography-body1"
              >
                0
              </p>
            </div>
          </div>
        </div>
      </div>
    </div>
  </div>
</div>
`;
